Component: Arm Compiler for Embedded 6.24 Tool: armlink [5f371500]

==============================================================================

Section Cross References

    q2.o(RESET) refers to q2.o(MYCODE) for Reset_Handler
    q2.o(MYCODE) refers to q2.o(DATASEG) for DST


==============================================================================

Image Symbol Table

    Local Symbols

    Symbol Name                              Value     Ov Type        Size  Object(Section)

    q2.asm                                   0x00000000   Number         0  q2.o ABSOLUTE
    RESET                                    0x00000000   Section        8  q2.o(RESET)
    MYCODE                                   0x00000008   Section       40  q2.o(MYCODE)
    SRC                                      0x00000024   Data           4  q2.o(MYCODE)
    DST                                      0x10000000   Data           4  q2.o(DATASEG)
    DATASEG                                  0x10000000   Section        4  q2.o(DATASEG)

    Global Symbols

    Symbol Name                              Value     Ov Type        Size  Object(Section)

    BuildAttributes$$THM_ISAv4$P$D$K$B$S$A:L22UL41UL21$X:L11$S22US41US21$IEEE1$~IW$USESV6$~STKCKD$USESV7$~SHL$OSPACE$EBA8$STANDARDLIB$PRES8$EABIv2 0x00000000   Number         0  anon$$obj.o ABSOLUTE
    __Vectors                                0x00000000   Data           0  q2.o(RESET)
    Reset_Handler                            0x00000009   Thumb Code     0  q2.o(MYCODE)



==============================================================================

Memory Map of the image

  Image Entry point : 0x00000009

  Load Region LR_1 (Base: 0x00000000, Size: 0x00000034, Max: 0xffffffff, ABSOLUTE)

    Execution Region ER_RO (Exec base: 0x00000000, Load base: 0x00000000, Size: 0x00000030, Max: 0xffffffff, ABSOLUTE)

    Exec Addr    Load Addr    Size         Type   Attr      Idx    E Section Name        Object

    0x00000000   0x00000000   0x00000008   Data   RO            1    RESET               q2.o
    0x00000008   0x00000008   0x00000028   Code   RO            2  * MYCODE              q2.o


    Execution Region ER_RW (Exec base: 0x10000000, Load base: 0x00000030, Size: 0x00000004, Max: 0xffffffff, ABSOLUTE)

    Exec Addr    Load Addr    Size         Type   Attr      Idx    E Section Name        Object

    0x10000000   0x00000030   0x00000004   Data   RW            3    DATASEG             q2.o


    Execution Region ER_ZI (Exec base: 0x10000004, Load base: 0x00000034, Size: 0x00000000, Max: 0xffffffff, ABSOLUTE)

    **** No section assigned to this execution region ****


==============================================================================

Image component sizes


      Code (inc. data)   RO Data    RW Data    ZI Data      Debug   Object Name

        40         12          8          4          0        268   q2.o

    ----------------------------------------------------------------------
        40         12          8          4          0        268   Object Totals
         0          0          0          0          0          0   (incl. Generated)
         0          0          0          0          0          0   (incl. Padding)

    ----------------------------------------------------------------------
         0          0          0          0          0          0   Library Totals
         0          0          0          0          0          0   (incl. Padding)

    ----------------------------------------------------------------------

==============================================================================


      Code (inc. data)   RO Data    RW Data    ZI Data      Debug   

        40         12          8          4          0        268   Grand Totals
        40         12          8          4          0        268   ELF Image Totals
        40         12          8          4          0          0   ROM Totals

==============================================================================

    Total RO  Size (Code + RO Data)                   48 (   0.05kB)
    Total RW  Size (RW Data + ZI Data)                 4 (   0.00kB)
    Total ROM Size (Code + RO Data + RW Data)         52 (   0.05kB)

==============================================================================

