


ARM Macro Assembler    Page 1 


    1 00000000         ; Write an assembly program to convert a 2 digit hexadec
                       imal number into unpacked ASCII.
    2 00000000         ; 0-9  -> add 0x30
    3 00000000         ; A-F  -> add 0x37
    4 00000000         ;BCD WOULD ONY HAVE 0-9 NOT A-F
    5 00000000         
    6 00000000                 AREA             RESET,DATA, READONLY
    7 00000000                 EXPORT           __Vectors
    8 00000000         
    9 00000000         __Vectors
   10 00000000 10001000        DCD              0X10001000  ;STACK POINTER
   11 00000004 00000000        DCD              Reset_Handler ;RESET VECTOR
   12 00000008         
   13 00000008                 ALIGN
   14 00000008                 AREA             MYCODE,CODE , READONLY
   15 00000000                 ENTRY
   16 00000000                 EXPORT           Reset_Handler
   17 00000000         
   18 00000000         Reset_Handler
   19 00000000 480A            LDR              R0,=SRC
   20 00000002 490B            LDR              R1,=DEST
   21 00000004 F04F 0302       MOV              R3 ,#2      ;
   22 00000008         
   23 00000008 7802            LDRB             R2,[R0]
   24 0000000A 4614            MOV              R4,R2       ;
   25 0000000C F002 020F 
                       L1      AND              R2,#0X0F    ; COPY THE LOWER BY
                                                            TES
   26 00000010 2A0A            CMP              R2,#0XA
   27 00000012 BF34 3230       ADDLO            R2,#0X30
   28 00000016 3237            ADDHS            R2,#0X37
   29 00000018 F801 2B01       STRB             R2,[R1],#1  ; STORE AND THEN IN
                                                            CREMENT BY 1 BYTE
   30 0000001C 3B01            SUBS             R3,#1       ;
   31 0000001E EA4F 1214       LSR              R2,R4,#4    ; ROTATE RIGHT
   32 00000022 D1F3            BNE              L1
   33 00000024         
   34 00000024 E7FE    STOP    B                STOP
   35 00000026 00 00 00000012 
                       SRC     DCD              0x12        ;
   36 0000002C 00000000 
              00000000         AREA             DATASEG, DATA, READWRITE
   37 00000000 00000000 
                       DEST    DCD              0
   38 00000004         
   39 00000004                 END
Command Line: --debug --xref --cpu=Cortex-M3 --apcs=interwork --depend=Q0A.d -o
Q0A.o -IC:\Keil\ARM\RV31\INC -IC:\Keil\ARM\CMSIS\Include -IC:\Keil\ARM\Inc\NXP\
LPC17xx --predefine="__EVAL SETA 1" --list=Q0A.lst Q0A.asm



ARM Macro Assembler    Page 1 Alphabetic symbol ordering
Relocatable symbols

RESET 00000000

Symbol: RESET
   Definitions
      At line 6 in file Q0A.asm
   Uses
      None
Comment: RESET unused
__Vectors 00000000

Symbol: __Vectors
   Definitions
      At line 9 in file Q0A.asm
   Uses
      At line 7 in file Q0A.asm
Comment: __Vectors used once
2 symbols



ARM Macro Assembler    Page 1 Alphabetic symbol ordering
Relocatable symbols

L1 0000000C

Symbol: L1
   Definitions
      At line 25 in file Q0A.asm
   Uses
      At line 32 in file Q0A.asm
Comment: L1 used once
MYCODE 00000000

Symbol: MYCODE
   Definitions
      At line 14 in file Q0A.asm
   Uses
      None
Comment: MYCODE unused
Reset_Handler 00000000

Symbol: Reset_Handler
   Definitions
      At line 18 in file Q0A.asm
   Uses
      At line 11 in file Q0A.asm
      At line 16 in file Q0A.asm

SRC 00000028

Symbol: SRC
   Definitions
      At line 35 in file Q0A.asm
   Uses
      At line 19 in file Q0A.asm
Comment: SRC used once
STOP 00000024

Symbol: STOP
   Definitions
      At line 34 in file Q0A.asm
   Uses
      At line 34 in file Q0A.asm
Comment: STOP used once
5 symbols



ARM Macro Assembler    Page 1 Alphabetic symbol ordering
Relocatable symbols

DATASEG 00000000

Symbol: DATASEG
   Definitions
      At line 36 in file Q0A.asm
   Uses
      None
Comment: DATASEG unused
DEST 00000000

Symbol: DEST
   Definitions
      At line 37 in file Q0A.asm
   Uses
      At line 20 in file Q0A.asm
Comment: DEST used once
2 symbols
342 symbols in table
