<html>
<body>
<pre>
<h1>µVision Build Log</h1>
<h2>Tool Versions:</h2>
IDE-Version: µVision V5.43.1.0
Copyright (C) 2025 ARM Ltd and ARM Germany GmbH. All rights reserved.
License Information: Debrato Ghosh, MIT, LIC=----
 
Tool Versions:
Toolchain:       MDK-Lite  Version: 5.43.0.0
Toolchain Path:  C:\Users\Debrato\AppData\Local\Keil_v5\ARM\ARMCLANG\Bin
C Compiler:      ArmClang.exe V6.24
Assembler:       Armasm.exe V6.24
Linker/Locator:  ArmLink.exe V6.24
Library Manager: ArmAr.exe V6.24
Hex Converter:   FromElf.exe V6.24
CPU DLL:         SARMCM3.DLL V5.43.0.0
Dialog DLL:      DARMP1.DLL V1.28.1.0
Target DLL:      UL2CM3.DLL V1.164.16.0
Dialog DLL:      TARMP1.DLL V1.27.1.0
 
<h2>Project:</h2>
C:\Users\Debrato\Desktop\Sem_5_Labs\Debrato_240911734_ESD\Lab_3_Codes\q3\Q3.uvproj
Project File Date:  08/13/2026

<h2>Output:</h2>
*** Using Compiler 'V6.24', folder: 'C:\Users\Debrato\AppData\Local\Keil_v5\ARM\ARMCLANG\Bin'
Build target 'Target 1'
armclang: warning: Q3.ASM: 'linker' input unused [-Wunused-command-line-argument]
armclang: warning: argument unused during compilation: '-Wa,armasm,--diag_suppress=A1950W' [-Wunused-command-line-argument]
armclang: warning: argument unused during compilation: '-gdwarf-4' [-Wunused-command-line-argument]
armclang: warning: argument unused during compilation: '-D __EVAL' [-Wunused-command-line-argument]
armclang: warning: argument unused during compilation: '-I C:/Users/Debrato/AppData/Local/Keil_v5/ARM/RV31/INC' [-Wunused-command-line-argument]
armclang: warning: argument unused during compilation: '-I C:/Users/Debrato/AppData/Local/Keil_v5/ARM/CMSIS/Include' [-Wunused-command-line-argument]
armclang: warning: argument unused during compilation: '-I C:/Users/Debrato/AppData/Local/Keil_v5/ARM/INC/NXP/LPC17xx' [-Wunused-command-line-argument]
armclang: warning: argument unused during compilation: '-D __UVISION_VERSION=543' [-Wunused-command-line-argument]
assembling Q3.ASM...
linking...
Program Size: Code=112 RO-data=8 RW-data=20 ZI-data=0  
".\Q3.axf" - 0 Error(s), 8 Warning(s).
Build Time Elapsed:  00:00:01
</pre>
</body>
</html>
