


ARM Macro Assembler    Page 1 


    1 00000000         ;3. Write a program to subtract two 128 bit numbers
    2 00000000                 AREA             RESET,DATA, READONLY
    3 00000000                 EXPORT           __Vectors
    4 00000000         
    5 00000000         __Vectors
    6 00000000 10001000        DCD              0X10001000  ;STACK POINTER
    7 00000004 00000000        DCD              Reset_Handler ;RESET VECTOR
    8 00000008         
    9 00000008                 ALIGN
   10 00000008                 AREA             MYCODE,CODE , READONLY
   11 00000000                 ENTRY
   12 00000000                 EXPORT           Reset_Handler
   13 00000000         
   14 00000000         Reset_Handler
   15 00000000 4817            LDR              R0,=SRC1    ; GETS ADDRESS
   16 00000002 4918            LDR              R1,=SRC2
   17 00000004 4A18            LDR              R2,=OUT
   18 00000006 4B19            LDR              R3,=BORROW
   19 00000008 F04F 0403       MOV              R4,#3       ; COUNTER
   20 0000000C         ; EITHER DO LIKE THIS USE COUNTER 4 IE NOTHING OUTSIDE L
                       OOP BY SETTING THE INITIAL CARRY TO 1
   21 0000000C F850 5B04       LDR              R5,[R0],#4  ;
   22 00000010 F851 6B04       LDR              R6,[R1],#4  ;
   23 00000014 1BAF            SUBS             R7,R5,R6    ; BECAUSE INITAL CA
                                                            RRY 0 SO SBCS SUBTR
                                                            ACTS 1 ASSUMING BOR
                                                            ROW
   24 00000016 F842 7B04       STR              R7,[R2],#4  ;
   25 0000001A         
   26 0000001A F850 5B04 
                       L1      LDR              R5,[R0],#4  ; GETS VALUE AT THE
                                                             ADDRESS THEN UPDAT
                                                            ES USING POST INDEX
                                                            ING
   27 0000001E F851 6B04       LDR              R6,[R1],#4  ;
   28 00000022         ; INITIALLY CARRY IS 0
   29 00000022 EB75 0706       SBCS             R7,R5,R6    ; ADDS THEN UPDATES
                                                             CARRY, DEF AULT OF
                                                             R5 IS 0 ADCS NOT A
                                                            DDCS
   30 00000026 F842 7B04       STR              R7,[R2],#4  ; STORES THE FIRST 
                                                            RESULT IE FIRST 32 
                                                            BIT PSRT OF 128 BIT
                                                            
   31 0000002A         
   32 0000002A F1A4 0401       SUB              R4,#1       ; UPDATES COUNTER W
                                                            ITHOUT UPDATING CAR
                                                            RY BCS IT WILL OVER
                                                            WRITE
   33 0000002E F094 0F00       TEQ              R4,#0       ; CHECKS IF R4 IS Z
                                                            ERO
   34 00000032 D1F2            BNE              L1
   35 00000034         
   36 00000034 F148 0800       ADC              R8,#0       ; ADD FINAL CARRY
   37 00000038 F883 8000       STRB             R8,[R3]     ; BORROW NOT REQUIR
                                                            ED TO BE SHOWN BCZ 
                                                            IN SUBTRACTION IF B
                                                            ORROW EXISTS OR NOT
                                                             CAN BE SHOWN THROU



ARM Macro Assembler    Page 2 


                                                            GH SIGN BIT
   38 0000003C         
   39 0000003C E7FE    STOP    B                STOP
   40 0000003E 00 00 12345678 
              23456789 
              3456789A 
              456789AB SRC1    DCD              0x12345678,0x23456789,0x3456789
A,0x456789AB
   41 00000050 56789ABC 
              6789ABCD 
              789ABCDE 
              89ABCDEF SRC2    DCD              0x56789ABC,0x6789ABCD,0x789ABCD
E,0x89ABCDEF
   42 00000060 00000000 
              00000000 
              00000000 
              00000000         AREA             DATASEG, DATA, READWRITE
   43 00000000 00000000 
              00000000 
              00000000 
              00000000 OUT     DCD              0,0,0,0     ;Allocates 4 × 32-b
                                                            it = 128 bits (16 b
                                                            ytes)
   44 00000010         ; READ 128-BIT RESULT:
   45 00000010         ; Each DCD = 32 bits = 4 bytes.
   46 00000010         ; ARM is LITTLE-ENDIAN, so bytes inside each 32-bit word
                        appear reversed in memory.
   47 00000010         ; SUM[0] = least significant 32 bits
   48 00000010         ; SUM[1] = next 32 bits
   49 00000010         ; SUM[2] = next 32 bits
   50 00000010         ; SUM[3] = most significant 32 bits
   51 00000010         ; Therefore read the 128-bit result as: SUM[3] SUM[2] SU
                       M[1] SUM[0]
   52 00000010 00      BORROW  DCB              0
   53 00000011         
   54 00000011                 END
Command Line: --debug --xref --cpu=Cortex-M3 --apcs=interwork --depend=Q3.d -oQ
3.o -IC:\Keil\ARM\RV31\INC -IC:\Keil\ARM\CMSIS\Include -IC:\Keil\ARM\Inc\NXP\LP
C17xx --predefine="__EVAL SETA 1" --list=Q3.lst Q3.ASM



ARM Macro Assembler    Page 1 Alphabetic symbol ordering
Relocatable symbols

RESET 00000000

Symbol: RESET
   Definitions
      At line 2 in file Q3.ASM
   Uses
      None
Comment: RESET unused
__Vectors 00000000

Symbol: __Vectors
   Definitions
      At line 5 in file Q3.ASM
   Uses
      At line 3 in file Q3.ASM
Comment: __Vectors used once
2 symbols



ARM Macro Assembler    Page 1 Alphabetic symbol ordering
Relocatable symbols

L1 0000001A

Symbol: L1
   Definitions
      At line 26 in file Q3.ASM
   Uses
      At line 34 in file Q3.ASM
Comment: L1 used once
MYCODE 00000000

Symbol: MYCODE
   Definitions
      At line 10 in file Q3.ASM
   Uses
      None
Comment: MYCODE unused
Reset_Handler 00000000

Symbol: Reset_Handler
   Definitions
      At line 14 in file Q3.ASM
   Uses
      At line 7 in file Q3.ASM
      At line 12 in file Q3.ASM

SRC1 00000040

Symbol: SRC1
   Definitions
      At line 40 in file Q3.ASM
   Uses
      At line 15 in file Q3.ASM
Comment: SRC1 used once
SRC2 00000050

Symbol: SRC2
   Definitions
      At line 41 in file Q3.ASM
   Uses
      At line 16 in file Q3.ASM
Comment: SRC2 used once
STOP 0000003C

Symbol: STOP
   Definitions
      At line 39 in file Q3.ASM
   Uses
      At line 39 in file Q3.ASM
Comment: STOP used once
6 symbols



ARM Macro Assembler    Page 1 Alphabetic symbol ordering
Relocatable symbols

BORROW 00000010

Symbol: BORROW
   Definitions
      At line 52 in file Q3.ASM
   Uses
      At line 18 in file Q3.ASM
Comment: BORROW used once
DATASEG 00000000

Symbol: DATASEG
   Definitions
      At line 42 in file Q3.ASM
   Uses
      None
Comment: DATASEG unused
OUT 00000000

Symbol: OUT
   Definitions
      At line 43 in file Q3.ASM
   Uses
      At line 17 in file Q3.ASM
Comment: OUT used once
3 symbols
344 symbols in table
