Component: Arm Compiler for Embedded 6.24 Tool: armlink [5f371500]

==============================================================================

Section Cross References

    q3.o(RESET) refers to q3.o(MYCODE) for Reset_Handler
    q3.o(MYCODE) refers to q3.o(DATASEG) for OUT


==============================================================================

Image Symbol Table

    Local Symbols

    Symbol Name                              Value     Ov Type        Size  Object(Section)

    Q3.asm                                   0x00000000   Number         0  q3.o ABSOLUTE
    RESET                                    0x00000000   Section        8  q3.o(RESET)
    MYCODE                                   0x00000008   Section      120  q3.o(MYCODE)
    SRC1                                     0x00000050   Data          16  q3.o(MYCODE)
    SRC2                                     0x00000060   Data          16  q3.o(MYCODE)
    OUT                                      0x10000000   Data          16  q3.o(DATASEG)
    DATASEG                                  0x10000000   Section       17  q3.o(DATASEG)
    BORROW                                   0x10000010   Data           1  q3.o(DATASEG)

    Global Symbols

    Symbol Name                              Value     Ov Type        Size  Object(Section)

    BuildAttributes$$THM_ISAv4$P$D$K$B$S$A:L22UL41UL21$X:L11$S22US41US21$IEEE1$~IW$USESV6$~STKCKD$USESV7$~SHL$OSPACE$EBA8$STANDARDLIB$PRES8$EABIv2 0x00000000   Number         0  anon$$obj.o ABSOLUTE
    __Vectors                                0x00000000   Data           0  q3.o(RESET)
    Reset_Handler                            0x00000009   Thumb Code     0  q3.o(MYCODE)



==============================================================================

Memory Map of the image

  Image Entry point : 0x00000009

  Load Region LR_1 (Base: 0x00000000, Size: 0x00000094, Max: 0xffffffff, ABSOLUTE)

    Execution Region ER_RO (Exec base: 0x00000000, Load base: 0x00000000, Size: 0x00000080, Max: 0xffffffff, ABSOLUTE)

    Exec Addr    Load Addr    Size         Type   Attr      Idx    E Section Name        Object

    0x00000000   0x00000000   0x00000008   Data   RO            1    RESET               q3.o
    0x00000008   0x00000008   0x00000078   Code   RO            2  * MYCODE              q3.o


    Execution Region ER_RW (Exec base: 0x10000000, Load base: 0x00000080, Size: 0x00000014, Max: 0xffffffff, ABSOLUTE)

    Exec Addr    Load Addr    Size         Type   Attr      Idx    E Section Name        Object

    0x10000000   0x00000080   0x00000011   Data   RW            3    DATASEG             q3.o


    Execution Region ER_ZI (Exec base: 0x10000014, Load base: 0x00000094, Size: 0x00000000, Max: 0xffffffff, ABSOLUTE)

    **** No section assigned to this execution region ****


==============================================================================

Image component sizes


      Code (inc. data)   RO Data    RW Data    ZI Data      Debug   Object Name

       120         50          8         17          0        280   q3.o

    ----------------------------------------------------------------------
       120         50          8         20          0        280   Object Totals
         0          0          0          0          0          0   (incl. Generated)
         0          0          0          3          0          0   (incl. Padding)

    ----------------------------------------------------------------------
         0          0          0          0          0          0   Library Totals
         0          0          0          0          0          0   (incl. Padding)

    ----------------------------------------------------------------------

==============================================================================


      Code (inc. data)   RO Data    RW Data    ZI Data      Debug   

       120         50          8         20          0        280   Grand Totals
       120         50          8         20          0        280   ELF Image Totals
       120         50          8         20          0          0   ROM Totals

==============================================================================

    Total RO  Size (Code + RO Data)                  128 (   0.12kB)
    Total RW  Size (RW Data + ZI Data)                20 (   0.02kB)
    Total ROM Size (Code + RO Data + RW Data)        148 (   0.14kB)

==============================================================================

