


ARM Macro Assembler    Page 1 


    1 00000000                 AREA             RESET,DATA, READONLY
    2 00000000                 EXPORT           __Vectors
    3 00000000         
    4 00000000         __Vectors
    5 00000000 10001000        DCD              0X10001000  ;stack pointer valu
                                                            e when stack is emo
                                                            ty
    6 00000004 00000000        DCD              Reset_Handler ; reset vector
    7 00000008         
    8 00000008                 ALIGN
    9 00000008         
   10 00000008                 AREA             mycode, CODE , READONLY
   11 00000000                 ENTRY
   12 00000000                 EXPORT           Reset_Handler ;till here common
                                                            
   13 00000000         Reset_Handler
   14 00000000 4806            LDR              R0,=SRC
   15 00000002 4601            MOV              R1,R0
   16 00000004 6802            LDR              R2,[R0]
   17 00000006         
   18 00000006 4806            LDR              R0,=SRC2
   19 00000008 6803            LDR              R3, [R0]
   20 0000000A         
   21 0000000A 441A            ADD              R2,R3
   22 0000000C 4C05            LDR              R4,=SUM
   23 0000000E 6022            STR              R2,[R4]
   24 00000010         
   25 00000010         
   26 00000010         stop
   27 00000010 E7FE            b                stop
   28 00000012 00 00 12345678 
                       SRC     DCD              0x12345678  ;3RD PARAMETER
   29 00000018 23562356 
                       SRC2    DCD              0X23562356  ;3RD PARAMETER
   30 0000001C 00000000 
              00000000 
              00000000         AREA             mydata , DATA, READWRITE
   31 00000000 77777777 
                       SUM     DCD              0x77777777
   32 00000004         ;3RD PARAMETER IS THE DATA BUT, NO USE BCZ RAM ON START 
                       ALWAYS INITIALIZES TO 0 THEREFORE 0 IN MEMORY
   33 00000004         ;CAN INITIALISE RAM WHEN DEBUGGING IN MEMORY WINDOW
   34 00000004                 END
Command Line: --debug --xref --cpu=Cortex-M3 --apcs=interwork --depend=prog0.d 
-oprog0.o -IC:\Keil\ARM\RV31\INC -IC:\Keil\ARM\CMSIS\Include -IC:\Keil\ARM\Inc\
NXP\LPC17xx --predefine="__EVAL SETA 1" --list=prog0.lst prog0.asm



ARM Macro Assembler    Page 1 Alphabetic symbol ordering
Relocatable symbols

RESET 00000000

Symbol: RESET
   Definitions
      At line 1 in file prog0.asm
   Uses
      None
Comment: RESET unused
__Vectors 00000000

Symbol: __Vectors
   Definitions
      At line 4 in file prog0.asm
   Uses
      At line 2 in file prog0.asm
Comment: __Vectors used once
2 symbols



ARM Macro Assembler    Page 1 Alphabetic symbol ordering
Relocatable symbols

Reset_Handler 00000000

Symbol: Reset_Handler
   Definitions
      At line 13 in file prog0.asm
   Uses
      At line 6 in file prog0.asm
      At line 12 in file prog0.asm

SRC 00000014

Symbol: SRC
   Definitions
      At line 28 in file prog0.asm
   Uses
      At line 14 in file prog0.asm
Comment: SRC used once
SRC2 00000018

Symbol: SRC2
   Definitions
      At line 29 in file prog0.asm
   Uses
      At line 18 in file prog0.asm
Comment: SRC2 used once
mycode 00000000

Symbol: mycode
   Definitions
      At line 10 in file prog0.asm
   Uses
      None
Comment: mycode unused
stop 00000010

Symbol: stop
   Definitions
      At line 26 in file prog0.asm
   Uses
      At line 27 in file prog0.asm
Comment: stop used once
5 symbols



ARM Macro Assembler    Page 1 Alphabetic symbol ordering
Relocatable symbols

SUM 00000000

Symbol: SUM
   Definitions
      At line 31 in file prog0.asm
   Uses
      At line 22 in file prog0.asm
Comment: SUM used once
mydata 00000000

Symbol: mydata
   Definitions
      At line 30 in file prog0.asm
   Uses
      None
Comment: mydata unused
2 symbols
342 symbols in table
