


ARM Macro Assembler    Page 1 


    1 00000000         ;2. Reverse an array of ten 32 bit numbers in the memory
                       .
    2 00000000                 AREA             RESET,DATA, READONLY
    3 00000000                 EXPORT           __Vectors
    4 00000000         
    5 00000000         __Vectors
    6 00000000 10001000        DCD              0X10001000  ;STACK POINTER
    7 00000004 00000000        DCD              Reset_Handler ;RESET VECTOR
    8 00000008         
    9 00000008                 ALIGN
   10 00000008                 AREA             MYCODE,CODE , READONLY
   11 00000000                 ENTRY
   12 00000000                 EXPORT           Reset_Handler
   13 00000000         
   14 00000000         Reset_Handler
   15 00000000 4806            LDR              R0,=SRC     ; SOURCE POINTING T
                                                            O ITS FIRST ELEMENT
                                                             OF ARRAY
   16 00000002 4907            LDR              R1,=SRC +(N-1+S)*4 ; DESTINATIO
                                                            N IS POINTING TO TH
                                                            E LAST ELEMENT
   17 00000004 F04F 0205       MOV              R2,#N/2
   18 00000008         
   19 00000008 6803    L1      LDR              R3, [R0]
   20 0000000A 680C            LDR              R4, [R1]
   21 0000000C F840 4B04       STR              R4,[R0],#4  ; STORING LAST ELEM
                                                            ENT AND MOVING FORW
                                                            ARD
   22 00000010 F841 3904       STR              R3,[R1],#-4 ; STORING FIRST ELE
                                                            MENT AND MOVING BAC
                                                            KWARD
   23 00000014 3A01            SUBS             R2,#1
   24 00000016 D1F7            BNE              L1
   25 00000018         
   26 00000018 E7FE    STOP    B                STOP
   27 0000001A 0000000A 
                       N       EQU              10          ; NO OF ELEMENTS WE
                                                             DECIDE ACC TO QN
   28 0000001A 00000000 
                       S       EQU              0           ; SHIFT WE DECIDE A
                                                            CC TO QN
   29 0000001A         
   30 0000001A 00 00 00000000 
              00000024         AREA             DATASEG, DATA, READWRITE
   31 00000000         ;not reqd because we are overlapping the source memory B
                       UT BCZ WRITING AS WELL SRC HERE
   32 00000000 00000000 
              12345678 
              23562356 
              65326532 
              00000001 
              00000010 
              00000011 
              09876543 
              98765432 
              89898989 SRC     DCD              0X00000000,0X12345678,0X2356235
6,0X65326532, 0X00000001,0X00000010,0X00000011,0X09876543,0X98765432, 0X8989898
9
   33 00000028         ; DATA DOESNT MATTER IT WILL BECOME 0 NO USE OF INITIALI



ARM Macro Assembler    Page 2 


                       SE
   34 00000028         
   35 00000028                 END
Command Line: --debug --xref --cpu=Cortex-M3 --apcs=interwork --depend=q2.d -oq
2.o -IC:\Keil\ARM\RV31\INC -IC:\Keil\ARM\CMSIS\Include -IC:\Keil\ARM\Inc\NXP\LP
C17xx --predefine="__EVAL SETA 1" --list=q2.lst q2.asm



ARM Macro Assembler    Page 1 Alphabetic symbol ordering
Relocatable symbols

RESET 00000000

Symbol: RESET
   Definitions
      At line 2 in file q2.asm
   Uses
      None
Comment: RESET unused
__Vectors 00000000

Symbol: __Vectors
   Definitions
      At line 5 in file q2.asm
   Uses
      At line 3 in file q2.asm
Comment: __Vectors used once
2 symbols



ARM Macro Assembler    Page 1 Alphabetic symbol ordering
Relocatable symbols

L1 00000008

Symbol: L1
   Definitions
      At line 19 in file q2.asm
   Uses
      At line 24 in file q2.asm
Comment: L1 used once
MYCODE 00000000

Symbol: MYCODE
   Definitions
      At line 10 in file q2.asm
   Uses
      None
Comment: MYCODE unused
Reset_Handler 00000000

Symbol: Reset_Handler
   Definitions
      At line 14 in file q2.asm
   Uses
      At line 7 in file q2.asm
      At line 12 in file q2.asm

STOP 00000018

Symbol: STOP
   Definitions
      At line 26 in file q2.asm
   Uses
      At line 26 in file q2.asm
Comment: STOP used once
4 symbols



ARM Macro Assembler    Page 1 Alphabetic symbol ordering
Relocatable symbols

DATASEG 00000000

Symbol: DATASEG
   Definitions
      At line 30 in file q2.asm
   Uses
      None
Comment: DATASEG unused
SRC 00000000

Symbol: SRC
   Definitions
      At line 32 in file q2.asm
   Uses
      At line 15 in file q2.asm
      At line 16 in file q2.asm

2 symbols



ARM Macro Assembler    Page 1 Alphabetic symbol ordering
Absolute symbols

N 0000000A

Symbol: N
   Definitions
      At line 27 in file q2.asm
   Uses
      At line 16 in file q2.asm
      At line 17 in file q2.asm

S 00000000

Symbol: S
   Definitions
      At line 28 in file q2.asm
   Uses
      At line 16 in file q2.asm
Comment: S used once
2 symbols
343 symbols in table
