Component: Arm Compiler for Embedded 6.24 Tool: armlink [5f371500]

==============================================================================

Section Cross References

    q4.o(RESET) refers to q4.o(MYCODE) for Reset_Handler
    q4.o(MYCODE) refers to q4.o(DATASEG) for GCD


==============================================================================

Image Symbol Table

    Local Symbols

    Symbol Name                              Value     Ov Type        Size  Object(Section)

    q4.asm                                   0x00000000   Number         0  q4.o ABSOLUTE
    RESET                                    0x00000000   Section        8  q4.o(RESET)
    MYCODE                                   0x00000008   Section       80  q4.o(MYCODE)
    SRC1                                     0x00000040   Data           4  q4.o(MYCODE)
    SRC2                                     0x00000044   Data           4  q4.o(MYCODE)
    GCD                                      0x10000000   Data           4  q4.o(DATASEG)
    DATASEG                                  0x10000000   Section        8  q4.o(DATASEG)
    LCM                                      0x10000004   Data           4  q4.o(DATASEG)

    Global Symbols

    Symbol Name                              Value     Ov Type        Size  Object(Section)

    BuildAttributes$$THM_ISAv4$P$D$K$B$S$A:L22UL41UL21$X:L11$S22US41US21$IEEE1$~IW$USESV6$~STKCKD$USESV7$~SHL$OSPACE$EBA8$STANDARDLIB$PRES8$EABIv2 0x00000000   Number         0  anon$$obj.o ABSOLUTE
    __Vectors                                0x00000000   Data           0  q4.o(RESET)
    Reset_Handler                            0x00000009   Thumb Code     0  q4.o(MYCODE)



==============================================================================

Memory Map of the image

  Image Entry point : 0x00000009

  Load Region LR_1 (Base: 0x00000000, Size: 0x00000060, Max: 0xffffffff, ABSOLUTE)

    Execution Region ER_RO (Exec base: 0x00000000, Load base: 0x00000000, Size: 0x00000058, Max: 0xffffffff, ABSOLUTE)

    Exec Addr    Load Addr    Size         Type   Attr      Idx    E Section Name        Object

    0x00000000   0x00000000   0x00000008   Data   RO            1    RESET               q4.o
    0x00000008   0x00000008   0x00000050   Code   RO            2  * MYCODE              q4.o


    Execution Region ER_RW (Exec base: 0x10000000, Load base: 0x00000058, Size: 0x00000008, Max: 0xffffffff, ABSOLUTE)

    Exec Addr    Load Addr    Size         Type   Attr      Idx    E Section Name        Object

    0x10000000   0x00000058   0x00000008   Data   RW            3    DATASEG             q4.o


    Execution Region ER_ZI (Exec base: 0x10000008, Load base: 0x00000060, Size: 0x00000000, Max: 0xffffffff, ABSOLUTE)

    **** No section assigned to this execution region ****


==============================================================================

Image component sizes


      Code (inc. data)   RO Data    RW Data    ZI Data      Debug   Object Name

        80         24          8          8          0        280   q4.o

    ----------------------------------------------------------------------
        80         24          8          8          0        280   Object Totals
         0          0          0          0          0          0   (incl. Generated)
         0          0          0          0          0          0   (incl. Padding)

    ----------------------------------------------------------------------
         0          0          0          0          0          0   Library Totals
         0          0          0          0          0          0   (incl. Padding)

    ----------------------------------------------------------------------

==============================================================================


      Code (inc. data)   RO Data    RW Data    ZI Data      Debug   

        80         24          8          8          0        280   Grand Totals
        80         24          8          8          0        280   ELF Image Totals
        80         24          8          8          0          0   ROM Totals

==============================================================================

    Total RO  Size (Code + RO Data)                   88 (   0.09kB)
    Total RW  Size (RW Data + ZI Data)                 8 (   0.01kB)
    Total ROM Size (Code + RO Data + RW Data)         96 (   0.09kB)

==============================================================================

