<html>
<body>
<pre>
<h1>µVision Build Log</h1>
<h2>Tool Versions:</h2>
IDE-Version: µVision V5.43.1.0
Copyright (C) 2025 ARM Ltd and ARM Germany GmbH. All rights reserved.
License Information: Debrato Ghosh, MIT, LIC=----
 
Tool Versions:
Toolchain:       MDK-Lite  Version: 5.43.0.0
Toolchain Path:  C:\Users\Debrato\AppData\Local\Keil_v5\ARM\ARMCLANG\Bin
C Compiler:      ArmClang.exe V6.24
Assembler:       Armasm.exe V6.24
Linker/Locator:  ArmLink.exe V6.24
Library Manager: ArmAr.exe V6.24
Hex Converter:   FromElf.exe V6.24
CPU DLL:         SARMCM3.DLL V5.43.0.0
Dialog DLL:      DARMP1.DLL V1.28.1.0
Target DLL:      UL2CM3.DLL V1.164.16.0
Dialog DLL:      TARMP1.DLL V1.27.1.0
 
<h2>Project:</h2>
C:\Users\Debrato\Desktop\Sem_5_Labs\Debrato_240911734_ESD\midsems\mids.uvproj
Project File Date:  09/03/2026

<h2>Output:</h2>
*** Using Compiler 'V6.24', folder: 'C:\Users\Debrato\AppData\Local\Keil_v5\ARM\ARMCLANG\Bin'
Build target 'Target_1'
armclang: warning: argument unused during compilation: '-D __UVISION_VERSION=543' [-Wunused-command-line-argument]
"mids.asm", line 30: Warning: A1581W: Added 2 bytes of padding at address 0x22
   30 00000024 SRC DCD 0X59
0 Errors, 1 Warning
assembling mids.asm...
linking...
Program Size: Code=48 RO-data=8 RW-data=4 ZI-data=0  
".\Objects\mids.axf" - 0 Error(s), 1 Warning(s).
Build Time Elapsed:  00:00:00
</pre>
</body>
</html>
