ARM Linker, 5.03 [Build 24] [MDK-ARM Lite]

==============================================================================

Section Cross References

    b.o(RESET) refers to b.o(MYCODE) for Reset_Handler
    b.o(MYCODE) refers to b.o(DATASEG) for SRC


==============================================================================

Image Symbol Table

    Local Symbols

    Symbol Name                              Value     Ov Type        Size  Object(Section)

    RESET                                    0x00000000   Section        8  b.o(RESET)
    b.asm                                    0x00000000   Number         0  b.o ABSOLUTE
    MYCODE                                   0x00000008   Section       36  b.o(MYCODE)
    DATASEG                                  0x10000000   Section       40  b.o(DATASEG)
    SRC                                      0x10000000   Data          40  b.o(DATASEG)

    Global Symbols

    Symbol Name                              Value     Ov Type        Size  Object(Section)

    BuildAttributes$$THM_ISAv4$P$D$K$B$S$PE$A:L22UL41UL21$X:L11$S22US41US21$IEEE1$IW$USESV6$~STKCKD$USESV7$~SHL$OSPACE$EBA8$STANDARDLIB$PRES8$EABIv2 0x00000000   Number         0  anon$$obj.o ABSOLUTE
    __Vectors                                0x00000000   Data           0  b.o(RESET)
    Reset_Handler                            0x00000009   Thumb Code     0  b.o(MYCODE)



==============================================================================

Memory Map of the image

  Image Entry point : 0x00000009

  Load Region LR_1 (Base: 0x00000000, Size: 0x00000054, Max: 0xffffffff, ABSOLUTE)

    Execution Region ER_RO (Base: 0x00000000, Size: 0x0000002c, Max: 0xffffffff, ABSOLUTE)

    Base Addr    Size         Type   Attr      Idx    E Section Name        Object

    0x00000000   0x00000008   Data   RO            1    RESET               b.o
    0x00000008   0x00000024   Code   RO            2  * MYCODE              b.o


    Execution Region ER_RW (Base: 0x10000000, Size: 0x00000028, Max: 0xffffffff, ABSOLUTE)

    Base Addr    Size         Type   Attr      Idx    E Section Name        Object

    0x10000000   0x00000028   Data   RW            3    DATASEG             b.o


    Execution Region ER_ZI (Base: 0x10000028, Size: 0x00000000, Max: 0xffffffff, ABSOLUTE)

    **** No section assigned to this execution region ****


==============================================================================

Image component sizes


      Code (inc. data)   RO Data    RW Data    ZI Data      Debug   Object Name

        36         12          8         40          0        204   b.o

    ----------------------------------------------------------------------
        36         12          8         40          0        204   Object Totals
         0          0          0          0          0          0   (incl. Generated)
         0          0          0          0          0          0   (incl. Padding)

    ----------------------------------------------------------------------
         0          0          0          0          0          0   Library Totals
         0          0          0          0          0          0   (incl. Padding)

    ----------------------------------------------------------------------

==============================================================================


      Code (inc. data)   RO Data    RW Data    ZI Data      Debug   

        36         12          8         40          0        204   Grand Totals
        36         12          8         40          0        204   ELF Image Totals
        36         12          8         40          0          0   ROM Totals

==============================================================================

    Total RO  Size (Code + RO Data)                   44 (   0.04kB)
    Total RW  Size (RW Data + ZI Data)                40 (   0.04kB)
    Total ROM Size (Code + RO Data + RW Data)         84 (   0.08kB)

==============================================================================

