


ARM Macro Assembler    Page 1 


    1 00000000         ;1.> Write an ARM assembly language program to transfer 
                       block of ten 32 bit numbers
    2 00000000         ;from one memory to another
    3 00000000         ;a. When the source and destination blocks are non-overl
                       apping
    4 00000000         ;b. When the source and destination blocks are overlappi
                       ng
    5 00000000         ;Hint: Use Register indirect addressing mode or indexed 
                       addressing mode
    6 00000000                 AREA             RESET,DATA, READONLY
    7 00000000                 EXPORT           __Vectors
    8 00000000         
    9 00000000         __Vectors
   10 00000000 10001000        DCD              0X10001000  ;STACK POINTER
   11 00000004 00000000        DCD              Reset_Handler ;RESET VECTOR
   12 00000008         
   13 00000008                 ALIGN
   14 00000008                 AREA             MYCODE,CODE , READONLY
   15 00000000                 ENTRY
   16 00000000                 EXPORT           Reset_Handler
   17 00000000         
   18 00000000         Reset_Handler
   19 00000000         
   20 00000000 480F            LDR              R0,=SRC
   21 00000002 4910            LDR              R1,=DEST
   22 00000004 F04F 020A       MOV              R2,#10
   23 00000008         
   24 00000008 F850 3B04 
                       L1      LDR              R3,[R0],#4
   25 0000000C F841 3B04       STR              R3,[R1],#4
   26 00000010 3A01            SUBS             R2,#1
   27 00000012 D1F9            BNE              L1
   28 00000014         
   29 00000014 E7FE    STOP    B                STOP
   30 00000016         
   31 00000016 00 00 00000000 
              12345678 
              23562356 
              65326532 
              00000001 
              00000010 
              00000011 
              09876543 
              98765432 
              89898989 SRC     DCD              0X00000000,0X12345678,0X2356235
6,0X65326532, 0X00000001,0X00000010,0X00000011,0X09876543,0X98765432, 0X8989898
9
   32 00000040 00000000 
              00000000         AREA             DATASEG, DATA, READWRITE
   33 00000000 00000000 
              00000000 
              00000000 
              00000000 
              00000000 
              00000000 
              00000000 
              00000000 
              00000000 
              00000000 DEST    DCD              0,0,0,0,0,0,0,0,0,0



ARM Macro Assembler    Page 2 


   34 00000028         
   35 00000028                 END
Command Line: --debug --xref --cpu=Cortex-M3 --apcs=interwork --depend=q1.d -oq
1.o -IC:\Keil\ARM\RV31\INC -IC:\Keil\ARM\CMSIS\Include -IC:\Keil\ARM\Inc\NXP\LP
C17xx --predefine="__EVAL SETA 1" --list=q1.lst q1.asm



ARM Macro Assembler    Page 1 Alphabetic symbol ordering
Relocatable symbols

RESET 00000000

Symbol: RESET
   Definitions
      At line 6 in file q1.asm
   Uses
      None
Comment: RESET unused
__Vectors 00000000

Symbol: __Vectors
   Definitions
      At line 9 in file q1.asm
   Uses
      At line 7 in file q1.asm
Comment: __Vectors used once
2 symbols



ARM Macro Assembler    Page 1 Alphabetic symbol ordering
Relocatable symbols

L1 00000008

Symbol: L1
   Definitions
      At line 24 in file q1.asm
   Uses
      At line 27 in file q1.asm
Comment: L1 used once
MYCODE 00000000

Symbol: MYCODE
   Definitions
      At line 14 in file q1.asm
   Uses
      None
Comment: MYCODE unused
Reset_Handler 00000000

Symbol: Reset_Handler
   Definitions
      At line 18 in file q1.asm
   Uses
      At line 11 in file q1.asm
      At line 16 in file q1.asm

SRC 00000018

Symbol: SRC
   Definitions
      At line 31 in file q1.asm
   Uses
      At line 20 in file q1.asm
Comment: SRC used once
STOP 00000014

Symbol: STOP
   Definitions
      At line 29 in file q1.asm
   Uses
      At line 29 in file q1.asm
Comment: STOP used once
5 symbols



ARM Macro Assembler    Page 1 Alphabetic symbol ordering
Relocatable symbols

DATASEG 00000000

Symbol: DATASEG
   Definitions
      At line 32 in file q1.asm
   Uses
      None
Comment: DATASEG unused
DEST 00000000

Symbol: DEST
   Definitions
      At line 33 in file q1.asm
   Uses
      At line 21 in file q1.asm
Comment: DEST used once
2 symbols
342 symbols in table
