


ARM Macro Assembler    Page 1 


    1 00000000         ;2. Write a program to add two 128 bit numbers stored in
                        code segment and store
    2 00000000         ;the result in data segment.
    3 00000000         ;Hint: Use indexed addressing mode.
    4 00000000                 AREA             RESET,DATA, READONLY
    5 00000000                 EXPORT           __Vectors
    6 00000000         
    7 00000000         __Vectors
    8 00000000 10001000        DCD              0X10001000  ;STACK POINTER
    9 00000004 00000000        DCD              Reset_Handler ;RESET VECTOR
   10 00000008         
   11 00000008                 ALIGN
   12 00000008                 AREA             MYCODE,CODE , READONLY
   13 00000000                 ENTRY
   14 00000000                 EXPORT           Reset_Handler
   15 00000000         
   16 00000000         Reset_Handler
   17 00000000 4813            LDR              R0,=SRC1    ; GETS ADDRESS
   18 00000002 4914            LDR              R1,=SRC2
   19 00000004 4A14            LDR              R2,=SUM
   20 00000006 4B15            LDR              R3,=CARRY
   21 00000008 F04F 0404       MOV              R4,#4       ; COUNTER
   22 0000000C         
   23 0000000C F850 5B04 
                       L1      LDR              R5,[R0],#4  ; GETS VALUE AT THE
                                                             ADDRESS THEN UPDAT
                                                            ES USING POST INDEX
                                                            ING
   24 00000010 F851 6B04       LDR              R6,[R1],#4  ;
   25 00000014         ; INITIALLY CARRY IS 0
   26 00000014 EB55 0706       ADCS             R7,R5,R6    ; ADDS THEN UPDATES
                                                             CARRY, DEF AULT OF
                                                             R5 IS 0 ADCS NOT A
                                                            DDCS
   27 00000018 F842 7B04       STR              R7,[R2],#4  ; STORES THE FIRST 
                                                            RESULT IE FIRST 32 
                                                            BIT PSRT OF 128 BIT
                                                            
   28 0000001C         
   29 0000001C F1A4 0401       SUB              R4,#1       ; UPDATES COUNTER W
                                                            ITHOUT UPDATING CAR
                                                            RY BCS IT WILL OVER
                                                            WRITE
   30 00000020 F094 0F00       TEQ              R4,#0       ; CHECKS IF R4 IS Z
                                                            ERO
   31 00000024 D1F2            BNE              L1
   32 00000026         
   33 00000026 F148 0800       ADC              R8,#0       ; ADD FINAL CARRY
   34 0000002A F883 8000       STRB             R8,[R3]
   35 0000002E         
   36 0000002E E7FE    STOP    B                STOP
   37 00000030 12345678 
              23456789 
              3456789A 
              456789AB SRC1    DCD              0x12345678,0x23456789,0x3456789
A,0x456789AB
   38 00000040 56789ABC 
              6789ABCD 
              789ABCDE 



ARM Macro Assembler    Page 2 


              89ABCDEF SRC2    DCD              0x56789ABC,0x6789ABCD,0x789ABCD
E,0x89ABCDEF
   39 00000050 00000000 
              00000000 
              00000000 
              00000000         AREA             DATASEG, DATA, READWRITE
   40 00000000 00000000 
              00000000 
              00000000 
              00000000 SUM     DCD              0,0,0,0     ;Allocates 4 × 32-b
                                                            it = 128 bits (16 b
                                                            ytes)
   41 00000010 00      CARRY   DCB              0
   42 00000011         
   43 00000011                 END
Command Line: --debug --xref --cpu=Cortex-M3 --apcs=interwork --depend=q2.d -oq
2.o -IC:\Keil\ARM\RV31\INC -IC:\Keil\ARM\CMSIS\Include -IC:\Keil\ARM\Inc\NXP\LP
C17xx --predefine="__EVAL SETA 1" --list=q2.lst q2.asm



ARM Macro Assembler    Page 1 Alphabetic symbol ordering
Relocatable symbols

RESET 00000000

Symbol: RESET
   Definitions
      At line 4 in file q2.asm
   Uses
      None
Comment: RESET unused
__Vectors 00000000

Symbol: __Vectors
   Definitions
      At line 7 in file q2.asm
   Uses
      At line 5 in file q2.asm
Comment: __Vectors used once
2 symbols



ARM Macro Assembler    Page 1 Alphabetic symbol ordering
Relocatable symbols

L1 0000000C

Symbol: L1
   Definitions
      At line 23 in file q2.asm
   Uses
      At line 31 in file q2.asm
Comment: L1 used once
MYCODE 00000000

Symbol: MYCODE
   Definitions
      At line 12 in file q2.asm
   Uses
      None
Comment: MYCODE unused
Reset_Handler 00000000

Symbol: Reset_Handler
   Definitions
      At line 16 in file q2.asm
   Uses
      At line 9 in file q2.asm
      At line 14 in file q2.asm

SRC1 00000030

Symbol: SRC1
   Definitions
      At line 37 in file q2.asm
   Uses
      At line 17 in file q2.asm
Comment: SRC1 used once
SRC2 00000040

Symbol: SRC2
   Definitions
      At line 38 in file q2.asm
   Uses
      At line 18 in file q2.asm
Comment: SRC2 used once
STOP 0000002E

Symbol: STOP
   Definitions
      At line 36 in file q2.asm
   Uses
      At line 36 in file q2.asm
Comment: STOP used once
6 symbols



ARM Macro Assembler    Page 1 Alphabetic symbol ordering
Relocatable symbols

CARRY 00000010

Symbol: CARRY
   Definitions
      At line 41 in file q2.asm
   Uses
      At line 20 in file q2.asm
Comment: CARRY used once
DATASEG 00000000

Symbol: DATASEG
   Definitions
      At line 39 in file q2.asm
   Uses
      None
Comment: DATASEG unused
SUM 00000000

Symbol: SUM
   Definitions
      At line 40 in file q2.asm
   Uses
      At line 19 in file q2.asm
Comment: SUM used once
3 symbols
344 symbols in table
